[    7575ms] [WARNING] Failed to decode downloaded font: https://my.chartakfidani.uz/assets/AnyConv.com__Inter_24pt-Medium-CM4ypss4.woff2 @ https://my.chartakfidani.uz/auth:0
[    7576ms] [WARNING] OTS parsing error: invalid sfntVersion: -2147364591 @ https://my.chartakfidani.uz/auth:0
[    7576ms] [WARNING] Failed to decode downloaded font: https://my.chartakfidani.uz/assets/AnyConv.com__Inter_24pt-Medium-CM4ypss4.woff2 @ https://my.chartakfidani.uz/auth:0
[    7576ms] [WARNING] OTS parsing error: invalid sfntVersion: -2147364591 @ https://my.chartakfidani.uz/auth:0
[    8492ms] [WARNING] Failed to decode downloaded font: https://my.chartakfidani.uz/assets/AnyConv.com__Inter_18pt-Medium-Bk3yID-z.woff2 @ https://my.chartakfidani.uz/auth:0
[    8493ms] [WARNING] OTS parsing error: invalid sfntVersion: -2147364591 @ https://my.chartakfidani.uz/auth:0
[    8493ms] [WARNING] Failed to decode downloaded font: https://my.chartakfidani.uz/assets/AnyConv.com__Inter_18pt-Medium-Bk3yID-z.woff2 @ https://my.chartakfidani.uz/auth:0
[    8493ms] [WARNING] OTS parsing error: invalid sfntVersion: -2147364591 @ https://my.chartakfidani.uz/auth:0
[   57481ms] [WARNING] Failed to decode downloaded font: https://my.chartakfidani.uz/assets/AnyConv.com__Inter_24pt-Medium-CM4ypss4.woff2 @ https://my.chartakfidani.uz/auth:0
[   57481ms] [WARNING] OTS parsing error: invalid sfntVersion: -2147364591 @ https://my.chartakfidani.uz/auth:0
[   57481ms] [WARNING] Failed to decode downloaded font: https://my.chartakfidani.uz/assets/AnyConv.com__Inter_24pt-Medium-CM4ypss4.woff2 @ https://my.chartakfidani.uz/auth:0
[   57481ms] [WARNING] OTS parsing error: invalid sfntVersion: -2147364591 @ https://my.chartakfidani.uz/auth:0
[   57539ms] [WARNING] Failed to decode downloaded font: https://my.chartakfidani.uz/assets/AnyConv.com__Inter_18pt-Medium-Bk3yID-z.woff2 @ https://my.chartakfidani.uz/auth:0
[   57539ms] [WARNING] OTS parsing error: invalid sfntVersion: -2147364591 @ https://my.chartakfidani.uz/auth:0
[   57539ms] [WARNING] Failed to decode downloaded font: https://my.chartakfidani.uz/assets/AnyConv.com__Inter_18pt-Medium-Bk3yID-z.woff2 @ https://my.chartakfidani.uz/auth:0
[   57539ms] [WARNING] OTS parsing error: invalid sfntVersion: -2147364591 @ https://my.chartakfidani.uz/auth:0
[   69176ms] [WARNING] Failed to decode downloaded font: https://my.chartakfidani.uz/assets/AnyConv.com__Inter_24pt-Medium-CM4ypss4.woff2 @ https://my.chartakfidani.uz/auth:0
[   69176ms] [WARNING] OTS parsing error: invalid sfntVersion: -2147364591 @ https://my.chartakfidani.uz/auth:0
[   69176ms] [WARNING] Failed to decode downloaded font: https://my.chartakfidani.uz/assets/AnyConv.com__Inter_24pt-Medium-CM4ypss4.woff2 @ https://my.chartakfidani.uz/auth:0
[   69176ms] [WARNING] OTS parsing error: invalid sfntVersion: -2147364591 @ https://my.chartakfidani.uz/auth:0
[   69218ms] [WARNING] Failed to decode downloaded font: https://my.chartakfidani.uz/assets/AnyConv.com__Inter_18pt-Medium-Bk3yID-z.woff2 @ https://my.chartakfidani.uz/auth:0
[   69219ms] [WARNING] OTS parsing error: invalid sfntVersion: -2147364591 @ https://my.chartakfidani.uz/auth:0
[   69219ms] [WARNING] Failed to decode downloaded font: https://my.chartakfidani.uz/assets/AnyConv.com__Inter_18pt-Medium-Bk3yID-z.woff2 @ https://my.chartakfidani.uz/auth:0
[   69219ms] [WARNING] OTS parsing error: invalid sfntVersion: -2147364591 @ https://my.chartakfidani.uz/auth:0
