[    2344ms] [WARNING] Failed to decode downloaded font: https://my.chartakfidani.uz/assets/AnyConv.com__Inter_24pt-Medium-CM4ypss4.woff2 @ https://my.chartakfidani.uz/auth:0
[    2344ms] [WARNING] OTS parsing error: invalid sfntVersion: -2147364591 @ https://my.chartakfidani.uz/auth:0
[    2344ms] [WARNING] Failed to decode downloaded font: https://my.chartakfidani.uz/assets/AnyConv.com__Inter_24pt-Medium-CM4ypss4.woff2 @ https://my.chartakfidani.uz/auth:0
[    2345ms] [WARNING] OTS parsing error: invalid sfntVersion: -2147364591 @ https://my.chartakfidani.uz/auth:0
[    2781ms] [WARNING] Failed to decode downloaded font: https://my.chartakfidani.uz/assets/AnyConv.com__Inter_18pt-Medium-Bk3yID-z.woff2 @ https://my.chartakfidani.uz/auth:0
[    2781ms] [WARNING] OTS parsing error: invalid sfntVersion: -2147364591 @ https://my.chartakfidani.uz/auth:0
[    2781ms] [WARNING] Failed to decode downloaded font: https://my.chartakfidani.uz/assets/AnyConv.com__Inter_18pt-Medium-Bk3yID-z.woff2 @ https://my.chartakfidani.uz/auth:0
[    2781ms] [WARNING] OTS parsing error: invalid sfntVersion: -2147364591 @ https://my.chartakfidani.uz/auth:0
[    9505ms] [WARNING] Failed to decode downloaded font: https://my.chartakfidani.uz/assets/AnyConv.com__Inter_18pt-Medium-Bk3yID-z.woff2 @ https://my.chartakfidani.uz/auth/login:0
[    9505ms] [WARNING] OTS parsing error: invalid sfntVersion: -2147364591 @ https://my.chartakfidani.uz/auth/login:0
[    9505ms] [WARNING] Failed to decode downloaded font: https://my.chartakfidani.uz/assets/AnyConv.com__Inter_24pt-Medium-CM4ypss4.woff2 @ https://my.chartakfidani.uz/auth/login:0
[    9505ms] [WARNING] OTS parsing error: invalid sfntVersion: -2147364591 @ https://my.chartakfidani.uz/auth/login:0
[    9567ms] [WARNING] Failed to decode downloaded font: https://my.chartakfidani.uz/assets/AnyConv.com__Inter_18pt-Medium-Bk3yID-z.woff2 @ https://my.chartakfidani.uz/auth/login:0
[    9567ms] [WARNING] OTS parsing error: invalid sfntVersion: -2147364591 @ https://my.chartakfidani.uz/auth/login:0
[    9567ms] [WARNING] Failed to decode downloaded font: https://my.chartakfidani.uz/assets/AnyConv.com__Inter_24pt-Medium-CM4ypss4.woff2 @ https://my.chartakfidani.uz/auth/login:0
[    9567ms] [WARNING] OTS parsing error: invalid sfntVersion: -2147364591 @ https://my.chartakfidani.uz/auth/login:0
[    9677ms] [WARNING] Failed to decode downloaded font: https://my.chartakfidani.uz/assets/AnyConv.com__Inter_18pt-Medium-Bk3yID-z.woff2 @ https://my.chartakfidani.uz/auth/login:0
[    9677ms] [WARNING] OTS parsing error: invalid sfntVersion: -2147364591 @ https://my.chartakfidani.uz/auth/login:0
[    9677ms] [WARNING] Failed to decode downloaded font: https://my.chartakfidani.uz/assets/AnyConv.com__Inter_24pt-Medium-CM4ypss4.woff2 @ https://my.chartakfidani.uz/auth/login:0
[    9677ms] [WARNING] OTS parsing error: invalid sfntVersion: -2147364591 @ https://my.chartakfidani.uz/auth/login:0
[   10146ms] [WARNING] Failed to decode downloaded font: https://my.chartakfidani.uz/assets/AnyConv.com__Inter_28pt-Bold-NB-XwkkK.woff2 @ https://my.chartakfidani.uz/auth/login:0
[   10146ms] [WARNING] OTS parsing error: invalid sfntVersion: -2147368943 @ https://my.chartakfidani.uz/auth/login:0
[   10146ms] [WARNING] Failed to decode downloaded font: https://my.chartakfidani.uz/assets/AnyConv.com__Inter_28pt-Bold-NB-XwkkK.woff2 @ https://my.chartakfidani.uz/auth/login:0
[   10146ms] [WARNING] OTS parsing error: invalid sfntVersion: -2147368943 @ https://my.chartakfidani.uz/auth/login:0
[   10146ms] [WARNING] Failed to decode downloaded font: https://my.chartakfidani.uz/assets/AnyConv.com__Inter_28pt-Bold-NB-XwkkK.woff2 @ https://my.chartakfidani.uz/auth/login:0
[   10146ms] [WARNING] OTS parsing error: invalid sfntVersion: -2147368943 @ https://my.chartakfidani.uz/auth/login:0
[   10146ms] [WARNING] Failed to decode downloaded font: https://my.chartakfidani.uz/assets/AnyConv.com__Inter_28pt-Bold-NB-XwkkK.woff2 @ https://my.chartakfidani.uz/auth/login:0
[   10146ms] [WARNING] OTS parsing error: invalid sfntVersion: -2147368943 @ https://my.chartakfidani.uz/auth/login:0
[   10146ms] [WARNING] Failed to decode downloaded font: https://my.chartakfidani.uz/assets/AnyConv.com__Inter_28pt-Bold-NB-XwkkK.woff2 @ https://my.chartakfidani.uz/auth/login:0
[   10146ms] [WARNING] OTS parsing error: invalid sfntVersion: -2147368943 @ https://my.chartakfidani.uz/auth/login:0
[   10250ms] [WARNING] Failed to decode downloaded font: https://my.chartakfidani.uz/assets/AnyConv.com__Inter_28pt-SemiBold-w-K2UZ4V.woff2 @ https://my.chartakfidani.uz/auth/login:0
[   10250ms] [WARNING] OTS parsing error: invalid sfntVersion: -2147362543 @ https://my.chartakfidani.uz/auth/login:0
[   10250ms] [WARNING] Failed to decode downloaded font: https://my.chartakfidani.uz/assets/AnyConv.com__Inter_28pt-SemiBold-w-K2UZ4V.woff2 @ https://my.chartakfidani.uz/auth/login:0
[   10250ms] [WARNING] OTS parsing error: invalid sfntVersion: -2147362543 @ https://my.chartakfidani.uz/auth/login:0
[   10250ms] [WARNING] Failed to decode downloaded font: https://my.chartakfidani.uz/assets/AnyConv.com__Inter_28pt-SemiBold-w-K2UZ4V.woff2 @ https://my.chartakfidani.uz/auth/login:0
[   10250ms] [WARNING] OTS parsing error: invalid sfntVersion: -2147362543 @ https://my.chartakfidani.uz/auth/login:0
[   10250ms] [WARNING] Failed to decode downloaded font: https://my.chartakfidani.uz/assets/AnyConv.com__Inter_28pt-SemiBold-w-K2UZ4V.woff2 @ https://my.chartakfidani.uz/auth/login:0
[   10250ms] [WARNING] OTS parsing error: invalid sfntVersion: -2147362543 @ https://my.chartakfidani.uz/auth/login:0
[   10250ms] [WARNING] Failed to decode downloaded font: https://my.chartakfidani.uz/assets/AnyConv.com__Inter_28pt-SemiBold-w-K2UZ4V.woff2 @ https://my.chartakfidani.uz/auth/login:0
[   10250ms] [WARNING] OTS parsing error: invalid sfntVersion: -2147362543 @ https://my.chartakfidani.uz/auth/login:0
[   10353ms] [WARNING] Failed to decode downloaded font: https://my.chartakfidani.uz/assets/AnyConv.com__Inter_28pt-Regular-BU3aA4PV.woff2 @ https://my.chartakfidani.uz/auth/login:0
[   10354ms] [WARNING] OTS parsing error: invalid sfntVersion: -2147365871 @ https://my.chartakfidani.uz/auth/login:0
[   10354ms] [WARNING] Failed to decode downloaded font: https://my.chartakfidani.uz/assets/AnyConv.com__Inter_28pt-Regular-BU3aA4PV.woff2 @ https://my.chartakfidani.uz/auth/login:0
[   10354ms] [WARNING] OTS parsing error: invalid sfntVersion: -2147365871 @ https://my.chartakfidani.uz/auth/login:0
[   10354ms] [WARNING] Failed to decode downloaded font: https://my.chartakfidani.uz/assets/AnyConv.com__Inter_28pt-Regular-BU3aA4PV.woff2 @ https://my.chartakfidani.uz/auth/login:0
[   10354ms] [WARNING] OTS parsing error: invalid sfntVersion: -2147365871 @ https://my.chartakfidani.uz/auth/login:0
[   10354ms] [WARNING] Failed to decode downloaded font: https://my.chartakfidani.uz/assets/AnyConv.com__Inter_28pt-Regular-BU3aA4PV.woff2 @ https://my.chartakfidani.uz/auth/login:0
[   10354ms] [WARNING] OTS parsing error: invalid sfntVersion: -2147365871 @ https://my.chartakfidani.uz/auth/login:0
[   10354ms] [WARNING] Failed to decode downloaded font: https://my.chartakfidani.uz/assets/AnyConv.com__Inter_28pt-Regular-BU3aA4PV.woff2 @ https://my.chartakfidani.uz/auth/login:0
[   10354ms] [WARNING] OTS parsing error: invalid sfntVersion: -2147365871 @ https://my.chartakfidani.uz/auth/login:0
[   10559ms] [WARNING] Failed to decode downloaded font: https://my.chartakfidani.uz/assets/AnyConv.com__Inter_24pt-Bold-C8U-2Xis.woff2 @ https://my.chartakfidani.uz/auth/login:0
[   10559ms] [WARNING] OTS parsing error: invalid sfntVersion: -2147368943 @ https://my.chartakfidani.uz/auth/login:0
[   10559ms] [WARNING] Failed to decode downloaded font: https://my.chartakfidani.uz/assets/AnyConv.com__Inter_24pt-Bold-C8U-2Xis.woff2 @ https://my.chartakfidani.uz/auth/login:0
[   10560ms] [WARNING] OTS parsing error: invalid sfntVersion: -2147368943 @ https://my.chartakfidani.uz/auth/login:0
[   10560ms] [WARNING] Failed to decode downloaded font: https://my.chartakfidani.uz/assets/AnyConv.com__Inter_24pt-Bold-C8U-2Xis.woff2 @ https://my.chartakfidani.uz/auth/login:0
[   10560ms] [WARNING] OTS parsing error: invalid sfntVersion: -2147368943 @ https://my.chartakfidani.uz/auth/login:0
[   10560ms] [WARNING] Failed to decode downloaded font: https://my.chartakfidani.uz/assets/AnyConv.com__Inter_24pt-Bold-C8U-2Xis.woff2 @ https://my.chartakfidani.uz/auth/login:0
[   10560ms] [WARNING] OTS parsing error: invalid sfntVersion: -2147368943 @ https://my.chartakfidani.uz/auth/login:0
[   10560ms] [WARNING] Failed to decode downloaded font: https://my.chartakfidani.uz/assets/AnyConv.com__Inter_24pt-Bold-C8U-2Xis.woff2 @ https://my.chartakfidani.uz/auth/login:0
[   10560ms] [WARNING] OTS parsing error: invalid sfntVersion: -2147368943 @ https://my.chartakfidani.uz/auth/login:0
[   10663ms] [WARNING] Failed to decode downloaded font: https://my.chartakfidani.uz/assets/AnyConv.com__Inter_24pt-SemiBold-BaXMUcIS.woff2 @ https://my.chartakfidani.uz/auth/login:0
[   10663ms] [WARNING] OTS parsing error: invalid sfntVersion: -2147362543 @ https://my.chartakfidani.uz/auth/login:0
[   10663ms] [WARNING] Failed to decode downloaded font: https://my.chartakfidani.uz/assets/AnyConv.com__Inter_24pt-SemiBold-BaXMUcIS.woff2 @ https://my.chartakfidani.uz/auth/login:0
[   10663ms] [WARNING] OTS parsing error: invalid sfntVersion: -2147362543 @ https://my.chartakfidani.uz/auth/login:0
[   10663ms] [WARNING] Failed to decode downloaded font: https://my.chartakfidani.uz/assets/AnyConv.com__Inter_24pt-SemiBold-BaXMUcIS.woff2 @ https://my.chartakfidani.uz/auth/login:0
[   10663ms] [WARNING] OTS parsing error: invalid sfntVersion: -2147362543 @ https://my.chartakfidani.uz/auth/login:0
[   10663ms] [WARNING] Failed to decode downloaded font: https://my.chartakfidani.uz/assets/AnyConv.com__Inter_24pt-SemiBold-BaXMUcIS.woff2 @ https://my.chartakfidani.uz/auth/login:0
[   10663ms] [WARNING] OTS parsing error: invalid sfntVersion: -2147362543 @ https://my.chartakfidani.uz/auth/login:0
[   10663ms] [WARNING] Failed to decode downloaded font: https://my.chartakfidani.uz/assets/AnyConv.com__Inter_24pt-SemiBold-BaXMUcIS.woff2 @ https://my.chartakfidani.uz/auth/login:0
[   10663ms] [WARNING] OTS parsing error: invalid sfntVersion: -2147362543 @ https://my.chartakfidani.uz/auth/login:0
[   10782ms] [WARNING] Failed to decode downloaded font: https://my.chartakfidani.uz/assets/AnyConv.com__Inter_18pt-Regular-CADr05Lb.woff2 @ https://my.chartakfidani.uz/auth/login:0
[   10782ms] [WARNING] OTS parsing error: invalid sfntVersion: -2147365871 @ https://my.chartakfidani.uz/auth/login:0
[   10782ms] [WARNING] Failed to decode downloaded font: https://my.chartakfidani.uz/assets/AnyConv.com__Inter_18pt-Regular-CADr05Lb.woff2 @ https://my.chartakfidani.uz/auth/login:0
[   10782ms] [WARNING] OTS parsing error: invalid sfntVersion: -2147365871 @ https://my.chartakfidani.uz/auth/login:0
[   10782ms] [WARNING] Failed to decode downloaded font: https://my.chartakfidani.uz/assets/AnyConv.com__Inter_18pt-Regular-CADr05Lb.woff2 @ https://my.chartakfidani.uz/auth/login:0
[   10782ms] [WARNING] OTS parsing error: invalid sfntVersion: -2147365871 @ https://my.chartakfidani.uz/auth/login:0
[   10782ms] [WARNING] Failed to decode downloaded font: https://my.chartakfidani.uz/assets/AnyConv.com__Inter_18pt-Regular-CADr05Lb.woff2 @ https://my.chartakfidani.uz/auth/login:0
[   10782ms] [WARNING] OTS parsing error: invalid sfntVersion: -2147365871 @ https://my.chartakfidani.uz/auth/login:0
[   10782ms] [WARNING] Failed to decode downloaded font: https://my.chartakfidani.uz/assets/AnyConv.com__Inter_18pt-Regular-CADr05Lb.woff2 @ https://my.chartakfidani.uz/auth/login:0
[   10782ms] [WARNING] OTS parsing error: invalid sfntVersion: -2147365871 @ https://my.chartakfidani.uz/auth/login:0
[   10971ms] [WARNING] Failed to decode downloaded font: https://my.chartakfidani.uz/assets/AnyConv.com__Inter_18pt-Bold-BbcyZnq7.woff2 @ https://my.chartakfidani.uz/auth/login:0
[   10971ms] [WARNING] OTS parsing error: invalid sfntVersion: -2147368943 @ https://my.chartakfidani.uz/auth/login:0
[   10971ms] [WARNING] Failed to decode downloaded font: https://my.chartakfidani.uz/assets/AnyConv.com__Inter_18pt-Bold-BbcyZnq7.woff2 @ https://my.chartakfidani.uz/auth/login:0
[   10972ms] [WARNING] OTS parsing error: invalid sfntVersion: -2147368943 @ https://my.chartakfidani.uz/auth/login:0
[   10972ms] [WARNING] Failed to decode downloaded font: https://my.chartakfidani.uz/assets/AnyConv.com__Inter_18pt-Bold-BbcyZnq7.woff2 @ https://my.chartakfidani.uz/auth/login:0
[   10972ms] [WARNING] OTS parsing error: invalid sfntVersion: -2147368943 @ https://my.chartakfidani.uz/auth/login:0
[   10972ms] [WARNING] Failed to decode downloaded font: https://my.chartakfidani.uz/assets/AnyConv.com__Inter_18pt-Bold-BbcyZnq7.woff2 @ https://my.chartakfidani.uz/auth/login:0
[   10972ms] [WARNING] OTS parsing error: invalid sfntVersion: -2147368943 @ https://my.chartakfidani.uz/auth/login:0
[   10972ms] [WARNING] Failed to decode downloaded font: https://my.chartakfidani.uz/assets/AnyConv.com__Inter_18pt-Bold-BbcyZnq7.woff2 @ https://my.chartakfidani.uz/auth/login:0
[   10972ms] [WARNING] OTS parsing error: invalid sfntVersion: -2147368943 @ https://my.chartakfidani.uz/auth/login:0
[   11073ms] [WARNING] Failed to decode downloaded font: https://my.chartakfidani.uz/assets/AnyConv.com__Inter_18pt-SemiBold-CkqJWBJL.woff2 @ https://my.chartakfidani.uz/auth/login:0
[   11073ms] [WARNING] OTS parsing error: invalid sfntVersion: -2147362543 @ https://my.chartakfidani.uz/auth/login:0
[   11073ms] [WARNING] Failed to decode downloaded font: https://my.chartakfidani.uz/assets/AnyConv.com__Inter_18pt-SemiBold-CkqJWBJL.woff2 @ https://my.chartakfidani.uz/auth/login:0
[   11073ms] [WARNING] OTS parsing error: invalid sfntVersion: -2147362543 @ https://my.chartakfidani.uz/auth/login:0
[   11073ms] [WARNING] Failed to decode downloaded font: https://my.chartakfidani.uz/assets/AnyConv.com__Inter_18pt-SemiBold-CkqJWBJL.woff2 @ https://my.chartakfidani.uz/auth/login:0
[   11073ms] [WARNING] OTS parsing error: invalid sfntVersion: -2147362543 @ https://my.chartakfidani.uz/auth/login:0
[   11074ms] [WARNING] Failed to decode downloaded font: https://my.chartakfidani.uz/assets/AnyConv.com__Inter_18pt-SemiBold-CkqJWBJL.woff2 @ https://my.chartakfidani.uz/auth/login:0
[   11074ms] [WARNING] OTS parsing error: invalid sfntVersion: -2147362543 @ https://my.chartakfidani.uz/auth/login:0
[   11074ms] [WARNING] Failed to decode downloaded font: https://my.chartakfidani.uz/assets/AnyConv.com__Inter_18pt-SemiBold-CkqJWBJL.woff2 @ https://my.chartakfidani.uz/auth/login:0
[   11074ms] [WARNING] OTS parsing error: invalid sfntVersion: -2147362543 @ https://my.chartakfidani.uz/auth/login:0
[   12843ms] [WARNING] Failed to decode downloaded font: https://my.chartakfidani.uz/assets/AnyConv.com__Inter_18pt-Regular-CADr05Lb.woff2 @ https://my.chartakfidani.uz/main:0
[   12843ms] [WARNING] OTS parsing error: invalid sfntVersion: -2147365871 @ https://my.chartakfidani.uz/main:0
[   12843ms] [WARNING] Failed to decode downloaded font: https://my.chartakfidani.uz/assets/AnyConv.com__Inter_18pt-Medium-Bk3yID-z.woff2 @ https://my.chartakfidani.uz/main:0
[   12843ms] [WARNING] OTS parsing error: invalid sfntVersion: -2147364591 @ https://my.chartakfidani.uz/main:0
[   12843ms] [WARNING] Failed to decode downloaded font: https://my.chartakfidani.uz/assets/AnyConv.com__Inter_18pt-SemiBold-CkqJWBJL.woff2 @ https://my.chartakfidani.uz/main:0
[   12843ms] [WARNING] OTS parsing error: invalid sfntVersion: -2147362543 @ https://my.chartakfidani.uz/main:0
[   12843ms] [WARNING] Failed to decode downloaded font: https://my.chartakfidani.uz/assets/AnyConv.com__Inter_18pt-Bold-BbcyZnq7.woff2 @ https://my.chartakfidani.uz/main:0
[   12843ms] [WARNING] OTS parsing error: invalid sfntVersion: -2147368943 @ https://my.chartakfidani.uz/main:0
[   12843ms] [WARNING] Failed to decode downloaded font: https://my.chartakfidani.uz/assets/AnyConv.com__Inter_24pt-Medium-CM4ypss4.woff2 @ https://my.chartakfidani.uz/main:0
[   12843ms] [WARNING] OTS parsing error: invalid sfntVersion: -2147364591 @ https://my.chartakfidani.uz/main:0
[   12844ms] [WARNING] Failed to decode downloaded font: https://my.chartakfidani.uz/assets/AnyConv.com__Inter_24pt-SemiBold-BaXMUcIS.woff2 @ https://my.chartakfidani.uz/main:0
[   12844ms] [WARNING] OTS parsing error: invalid sfntVersion: -2147362543 @ https://my.chartakfidani.uz/main:0
[   12844ms] [WARNING] Failed to decode downloaded font: https://my.chartakfidani.uz/assets/AnyConv.com__Inter_24pt-Bold-C8U-2Xis.woff2 @ https://my.chartakfidani.uz/main:0
[   12844ms] [WARNING] OTS parsing error: invalid sfntVersion: -2147368943 @ https://my.chartakfidani.uz/main:0
[   12844ms] [WARNING] Failed to decode downloaded font: https://my.chartakfidani.uz/assets/AnyConv.com__Inter_28pt-Regular-BU3aA4PV.woff2 @ https://my.chartakfidani.uz/main:0
[   12844ms] [WARNING] OTS parsing error: invalid sfntVersion: -2147365871 @ https://my.chartakfidani.uz/main:0
[   12844ms] [WARNING] Failed to decode downloaded font: https://my.chartakfidani.uz/assets/AnyConv.com__Inter_28pt-SemiBold-w-K2UZ4V.woff2 @ https://my.chartakfidani.uz/main:0
[   12844ms] [WARNING] OTS parsing error: invalid sfntVersion: -2147362543 @ https://my.chartakfidani.uz/main:0
[   12844ms] [WARNING] Failed to decode downloaded font: https://my.chartakfidani.uz/assets/AnyConv.com__Inter_28pt-Bold-NB-XwkkK.woff2 @ https://my.chartakfidani.uz/main:0
[   12844ms] [WARNING] OTS parsing error: invalid sfntVersion: -2147368943 @ https://my.chartakfidani.uz/main:0
[   12874ms] [WARNING] Failed to decode downloaded font: https://my.chartakfidani.uz/assets/AnyConv.com__Inter_18pt-Regular-CADr05Lb.woff2 @ https://my.chartakfidani.uz/main:0
[   12874ms] [WARNING] OTS parsing error: invalid sfntVersion: -2147365871 @ https://my.chartakfidani.uz/main:0
[   12874ms] [WARNING] Failed to decode downloaded font: https://my.chartakfidani.uz/assets/AnyConv.com__Inter_18pt-Medium-Bk3yID-z.woff2 @ https://my.chartakfidani.uz/main:0
[   12874ms] [WARNING] OTS parsing error: invalid sfntVersion: -2147364591 @ https://my.chartakfidani.uz/main:0
[   12874ms] [WARNING] Failed to decode downloaded font: https://my.chartakfidani.uz/assets/AnyConv.com__Inter_18pt-SemiBold-CkqJWBJL.woff2 @ https://my.chartakfidani.uz/main:0
[   12874ms] [WARNING] OTS parsing error: invalid sfntVersion: -2147362543 @ https://my.chartakfidani.uz/main:0
[   12874ms] [WARNING] Failed to decode downloaded font: https://my.chartakfidani.uz/assets/AnyConv.com__Inter_18pt-Bold-BbcyZnq7.woff2 @ https://my.chartakfidani.uz/main:0
[   12874ms] [WARNING] OTS parsing error: invalid sfntVersion: -2147368943 @ https://my.chartakfidani.uz/main:0
[   12874ms] [WARNING] Failed to decode downloaded font: https://my.chartakfidani.uz/assets/AnyConv.com__Inter_24pt-Medium-CM4ypss4.woff2 @ https://my.chartakfidani.uz/main:0
[   12874ms] [WARNING] OTS parsing error: invalid sfntVersion: -2147364591 @ https://my.chartakfidani.uz/main:0
[   12874ms] [WARNING] Failed to decode downloaded font: https://my.chartakfidani.uz/assets/AnyConv.com__Inter_24pt-SemiBold-BaXMUcIS.woff2 @ https://my.chartakfidani.uz/main:0
[   12874ms] [WARNING] OTS parsing error: invalid sfntVersion: -2147362543 @ https://my.chartakfidani.uz/main:0
[   12874ms] [WARNING] Failed to decode downloaded font: https://my.chartakfidani.uz/assets/AnyConv.com__Inter_24pt-Bold-C8U-2Xis.woff2 @ https://my.chartakfidani.uz/main:0
[   12874ms] [WARNING] OTS parsing error: invalid sfntVersion: -2147368943 @ https://my.chartakfidani.uz/main:0
[   12875ms] [WARNING] Failed to decode downloaded font: https://my.chartakfidani.uz/assets/AnyConv.com__Inter_28pt-Regular-BU3aA4PV.woff2 @ https://my.chartakfidani.uz/main:0
[   12875ms] [WARNING] OTS parsing error: invalid sfntVersion: -2147365871 @ https://my.chartakfidani.uz/main:0
[   12875ms] [WARNING] Failed to decode downloaded font: https://my.chartakfidani.uz/assets/AnyConv.com__Inter_28pt-SemiBold-w-K2UZ4V.woff2 @ https://my.chartakfidani.uz/main:0
[   12875ms] [WARNING] OTS parsing error: invalid sfntVersion: -2147362543 @ https://my.chartakfidani.uz/main:0
[   12875ms] [WARNING] Failed to decode downloaded font: https://my.chartakfidani.uz/assets/AnyConv.com__Inter_28pt-Bold-NB-XwkkK.woff2 @ https://my.chartakfidani.uz/main:0
[   12875ms] [WARNING] OTS parsing error: invalid sfntVersion: -2147368943 @ https://my.chartakfidani.uz/main:0
[   13346ms] [WARNING] Failed to decode downloaded font: https://my.chartakfidani.uz/assets/AnyConv.com__Inter_18pt-Regular-CADr05Lb.woff2 @ https://my.chartakfidani.uz/main:0
[   13346ms] [WARNING] OTS parsing error: invalid sfntVersion: -2147365871 @ https://my.chartakfidani.uz/main:0
[   13346ms] [WARNING] Failed to decode downloaded font: https://my.chartakfidani.uz/assets/AnyConv.com__Inter_18pt-Medium-Bk3yID-z.woff2 @ https://my.chartakfidani.uz/main:0
[   13346ms] [WARNING] OTS parsing error: invalid sfntVersion: -2147364591 @ https://my.chartakfidani.uz/main:0
[   13346ms] [WARNING] Failed to decode downloaded font: https://my.chartakfidani.uz/assets/AnyConv.com__Inter_18pt-SemiBold-CkqJWBJL.woff2 @ https://my.chartakfidani.uz/main:0
[   13346ms] [WARNING] OTS parsing error: invalid sfntVersion: -2147362543 @ https://my.chartakfidani.uz/main:0
[   13346ms] [WARNING] Failed to decode downloaded font: https://my.chartakfidani.uz/assets/AnyConv.com__Inter_18pt-Bold-BbcyZnq7.woff2 @ https://my.chartakfidani.uz/main:0
[   13346ms] [WARNING] OTS parsing error: invalid sfntVersion: -2147368943 @ https://my.chartakfidani.uz/main:0
[   13346ms] [WARNING] Failed to decode downloaded font: https://my.chartakfidani.uz/assets/AnyConv.com__Inter_24pt-Medium-CM4ypss4.woff2 @ https://my.chartakfidani.uz/main:0
[   13346ms] [WARNING] OTS parsing error: invalid sfntVersion: -2147364591 @ https://my.chartakfidani.uz/main:0
[   13346ms] [WARNING] Failed to decode downloaded font: https://my.chartakfidani.uz/assets/AnyConv.com__Inter_24pt-SemiBold-BaXMUcIS.woff2 @ https://my.chartakfidani.uz/main:0
[   13346ms] [WARNING] OTS parsing error: invalid sfntVersion: -2147362543 @ https://my.chartakfidani.uz/main:0
[   13346ms] [WARNING] Failed to decode downloaded font: https://my.chartakfidani.uz/assets/AnyConv.com__Inter_24pt-Bold-C8U-2Xis.woff2 @ https://my.chartakfidani.uz/main:0
[   13346ms] [WARNING] OTS parsing error: invalid sfntVersion: -2147368943 @ https://my.chartakfidani.uz/main:0
[   13346ms] [WARNING] Failed to decode downloaded font: https://my.chartakfidani.uz/assets/AnyConv.com__Inter_28pt-Regular-BU3aA4PV.woff2 @ https://my.chartakfidani.uz/main:0
[   13346ms] [WARNING] OTS parsing error: invalid sfntVersion: -2147365871 @ https://my.chartakfidani.uz/main:0
[   13346ms] [WARNING] Failed to decode downloaded font: https://my.chartakfidani.uz/assets/AnyConv.com__Inter_28pt-SemiBold-w-K2UZ4V.woff2 @ https://my.chartakfidani.uz/main:0
[   13346ms] [WARNING] OTS parsing error: invalid sfntVersion: -2147362543 @ https://my.chartakfidani.uz/main:0
[   13346ms] [WARNING] Failed to decode downloaded font: https://my.chartakfidani.uz/assets/AnyConv.com__Inter_28pt-Bold-NB-XwkkK.woff2 @ https://my.chartakfidani.uz/main:0
[   13346ms] [WARNING] OTS parsing error: invalid sfntVersion: -2147368943 @ https://my.chartakfidani.uz/main:0
[   13574ms] [WARNING] Failed to decode downloaded font: https://my.chartakfidani.uz/assets/AnyConv.com__Inter_18pt-Regular-CADr05Lb.woff2 @ https://my.chartakfidani.uz/main:0
[   13574ms] [WARNING] OTS parsing error: invalid sfntVersion: -2147365871 @ https://my.chartakfidani.uz/main:0
[   13574ms] [WARNING] Failed to decode downloaded font: https://my.chartakfidani.uz/assets/AnyConv.com__Inter_18pt-Medium-Bk3yID-z.woff2 @ https://my.chartakfidani.uz/main:0
[   13574ms] [WARNING] OTS parsing error: invalid sfntVersion: -2147364591 @ https://my.chartakfidani.uz/main:0
[   13574ms] [WARNING] Failed to decode downloaded font: https://my.chartakfidani.uz/assets/AnyConv.com__Inter_18pt-SemiBold-CkqJWBJL.woff2 @ https://my.chartakfidani.uz/main:0
[   13574ms] [WARNING] OTS parsing error: invalid sfntVersion: -2147362543 @ https://my.chartakfidani.uz/main:0
[   13575ms] [WARNING] Failed to decode downloaded font: https://my.chartakfidani.uz/assets/AnyConv.com__Inter_18pt-Bold-BbcyZnq7.woff2 @ https://my.chartakfidani.uz/main:0
[   13575ms] [WARNING] OTS parsing error: invalid sfntVersion: -2147368943 @ https://my.chartakfidani.uz/main:0
[   13575ms] [WARNING] Failed to decode downloaded font: https://my.chartakfidani.uz/assets/AnyConv.com__Inter_24pt-Medium-CM4ypss4.woff2 @ https://my.chartakfidani.uz/main:0
[   13575ms] [WARNING] OTS parsing error: invalid sfntVersion: -2147364591 @ https://my.chartakfidani.uz/main:0
[   13575ms] [WARNING] Failed to decode downloaded font: https://my.chartakfidani.uz/assets/AnyConv.com__Inter_24pt-SemiBold-BaXMUcIS.woff2 @ https://my.chartakfidani.uz/main:0
[   13575ms] [WARNING] OTS parsing error: invalid sfntVersion: -2147362543 @ https://my.chartakfidani.uz/main:0
[   13575ms] [WARNING] Failed to decode downloaded font: https://my.chartakfidani.uz/assets/AnyConv.com__Inter_24pt-Bold-C8U-2Xis.woff2 @ https://my.chartakfidani.uz/main:0
[   13575ms] [WARNING] OTS parsing error: invalid sfntVersion: -2147368943 @ https://my.chartakfidani.uz/main:0
[   13575ms] [WARNING] Failed to decode downloaded font: https://my.chartakfidani.uz/assets/AnyConv.com__Inter_28pt-Regular-BU3aA4PV.woff2 @ https://my.chartakfidani.uz/main:0
[   13575ms] [WARNING] OTS parsing error: invalid sfntVersion: -2147365871 @ https://my.chartakfidani.uz/main:0
[   13575ms] [WARNING] Failed to decode downloaded font: https://my.chartakfidani.uz/assets/AnyConv.com__Inter_28pt-SemiBold-w-K2UZ4V.woff2 @ https://my.chartakfidani.uz/main:0
[   13575ms] [WARNING] OTS parsing error: invalid sfntVersion: -2147362543 @ https://my.chartakfidani.uz/main:0
[   13575ms] [WARNING] Failed to decode downloaded font: https://my.chartakfidani.uz/assets/AnyConv.com__Inter_28pt-Bold-NB-XwkkK.woff2 @ https://my.chartakfidani.uz/main:0
[   13575ms] [WARNING] OTS parsing error: invalid sfntVersion: -2147368943 @ https://my.chartakfidani.uz/main:0
[   13591ms] [WARNING] Failed to decode downloaded font: https://my.chartakfidani.uz/assets/AnyConv.com__Inter_18pt-Regular-CADr05Lb.woff2 @ https://my.chartakfidani.uz/main:0
[   13591ms] [WARNING] OTS parsing error: invalid sfntVersion: -2147365871 @ https://my.chartakfidani.uz/main:0
[   13591ms] [WARNING] Failed to decode downloaded font: https://my.chartakfidani.uz/assets/AnyConv.com__Inter_18pt-Medium-Bk3yID-z.woff2 @ https://my.chartakfidani.uz/main:0
[   13591ms] [WARNING] OTS parsing error: invalid sfntVersion: -2147364591 @ https://my.chartakfidani.uz/main:0
[   13591ms] [WARNING] Failed to decode downloaded font: https://my.chartakfidani.uz/assets/AnyConv.com__Inter_18pt-SemiBold-CkqJWBJL.woff2 @ https://my.chartakfidani.uz/main:0
[   13591ms] [WARNING] OTS parsing error: invalid sfntVersion: -2147362543 @ https://my.chartakfidani.uz/main:0
[   13591ms] [WARNING] Failed to decode downloaded font: https://my.chartakfidani.uz/assets/AnyConv.com__Inter_18pt-Bold-BbcyZnq7.woff2 @ https://my.chartakfidani.uz/main:0
[   13591ms] [WARNING] OTS parsing error: invalid sfntVersion: -2147368943 @ https://my.chartakfidani.uz/main:0
[   13591ms] [WARNING] Failed to decode downloaded font: https://my.chartakfidani.uz/assets/AnyConv.com__Inter_24pt-Medium-CM4ypss4.woff2 @ https://my.chartakfidani.uz/main:0
[   13591ms] [WARNING] OTS parsing error: invalid sfntVersion: -2147364591 @ https://my.chartakfidani.uz/main:0
[   13592ms] [WARNING] Failed to decode downloaded font: https://my.chartakfidani.uz/assets/AnyConv.com__Inter_24pt-SemiBold-BaXMUcIS.woff2 @ https://my.chartakfidani.uz/main:0
[   13592ms] [WARNING] OTS parsing error: invalid sfntVersion: -2147362543 @ https://my.chartakfidani.uz/main:0
[   13592ms] [WARNING] Failed to decode downloaded font: https://my.chartakfidani.uz/assets/AnyConv.com__Inter_24pt-Bold-C8U-2Xis.woff2 @ https://my.chartakfidani.uz/main:0
[   13592ms] [WARNING] OTS parsing error: invalid sfntVersion: -2147368943 @ https://my.chartakfidani.uz/main:0
[   13592ms] [WARNING] Failed to decode downloaded font: https://my.chartakfidani.uz/assets/AnyConv.com__Inter_28pt-Regular-BU3aA4PV.woff2 @ https://my.chartakfidani.uz/main:0
[   13592ms] [WARNING] OTS parsing error: invalid sfntVersion: -2147365871 @ https://my.chartakfidani.uz/main:0
[   13592ms] [WARNING] Failed to decode downloaded font: https://my.chartakfidani.uz/assets/AnyConv.com__Inter_28pt-SemiBold-w-K2UZ4V.woff2 @ https://my.chartakfidani.uz/main:0
[   13592ms] [WARNING] OTS parsing error: invalid sfntVersion: -2147362543 @ https://my.chartakfidani.uz/main:0
[   13592ms] [WARNING] Failed to decode downloaded font: https://my.chartakfidani.uz/assets/AnyConv.com__Inter_28pt-Bold-NB-XwkkK.woff2 @ https://my.chartakfidani.uz/main:0
[   13592ms] [WARNING] OTS parsing error: invalid sfntVersion: -2147368943 @ https://my.chartakfidani.uz/main:0
[   24199ms] [WARNING] Failed to decode downloaded font: https://my.chartakfidani.uz/assets/AnyConv.com__Inter_18pt-Regular-CADr05Lb.woff2 @ https://my.chartakfidani.uz/assets/index-Bg22PqDS.js:48
[   24200ms] [WARNING] OTS parsing error: invalid sfntVersion: -2147365871 @ https://my.chartakfidani.uz/assets/index-Bg22PqDS.js:48
[   24200ms] [WARNING] Failed to decode downloaded font: https://my.chartakfidani.uz/assets/AnyConv.com__Inter_18pt-Medium-Bk3yID-z.woff2 @ https://my.chartakfidani.uz/assets/index-Bg22PqDS.js:48
[   24200ms] [WARNING] OTS parsing error: invalid sfntVersion: -2147364591 @ https://my.chartakfidani.uz/assets/index-Bg22PqDS.js:48
[   24201ms] [WARNING] Failed to decode downloaded font: https://my.chartakfidani.uz/assets/AnyConv.com__Inter_18pt-SemiBold-CkqJWBJL.woff2 @ https://my.chartakfidani.uz/assets/index-Bg22PqDS.js:48
[   24201ms] [WARNING] OTS parsing error: invalid sfntVersion: -2147362543 @ https://my.chartakfidani.uz/assets/index-Bg22PqDS.js:48
[   24201ms] [WARNING] Failed to decode downloaded font: https://my.chartakfidani.uz/assets/AnyConv.com__Inter_18pt-Bold-BbcyZnq7.woff2 @ https://my.chartakfidani.uz/assets/index-Bg22PqDS.js:48
[   24201ms] [WARNING] OTS parsing error: invalid sfntVersion: -2147368943 @ https://my.chartakfidani.uz/assets/index-Bg22PqDS.js:48
[   24202ms] [WARNING] Failed to decode downloaded font: https://my.chartakfidani.uz/assets/AnyConv.com__Inter_24pt-Medium-CM4ypss4.woff2 @ https://my.chartakfidani.uz/assets/index-Bg22PqDS.js:48
[   24202ms] [WARNING] OTS parsing error: invalid sfntVersion: -2147364591 @ https://my.chartakfidani.uz/assets/index-Bg22PqDS.js:48
[   24203ms] [WARNING] Failed to decode downloaded font: https://my.chartakfidani.uz/assets/AnyConv.com__Inter_24pt-SemiBold-BaXMUcIS.woff2 @ https://my.chartakfidani.uz/assets/index-Bg22PqDS.js:48
[   24203ms] [WARNING] OTS parsing error: invalid sfntVersion: -2147362543 @ https://my.chartakfidani.uz/assets/index-Bg22PqDS.js:48
[   24204ms] [WARNING] Failed to decode downloaded font: https://my.chartakfidani.uz/assets/AnyConv.com__Inter_24pt-Bold-C8U-2Xis.woff2 @ https://my.chartakfidani.uz/assets/index-Bg22PqDS.js:48
[   24204ms] [WARNING] OTS parsing error: invalid sfntVersion: -2147368943 @ https://my.chartakfidani.uz/assets/index-Bg22PqDS.js:48
[   24205ms] [WARNING] Failed to decode downloaded font: https://my.chartakfidani.uz/assets/AnyConv.com__Inter_28pt-Regular-BU3aA4PV.woff2 @ https://my.chartakfidani.uz/assets/index-Bg22PqDS.js:48
[   24205ms] [WARNING] OTS parsing error: invalid sfntVersion: -2147365871 @ https://my.chartakfidani.uz/assets/index-Bg22PqDS.js:48
[   24206ms] [WARNING] Failed to decode downloaded font: https://my.chartakfidani.uz/assets/AnyConv.com__Inter_28pt-SemiBold-w-K2UZ4V.woff2 @ https://my.chartakfidani.uz/assets/index-Bg22PqDS.js:48
[   24206ms] [WARNING] OTS parsing error: invalid sfntVersion: -2147362543 @ https://my.chartakfidani.uz/assets/index-Bg22PqDS.js:48
[   24207ms] [WARNING] Failed to decode downloaded font: https://my.chartakfidani.uz/assets/AnyConv.com__Inter_28pt-Bold-NB-XwkkK.woff2 @ https://my.chartakfidani.uz/assets/index-Bg22PqDS.js:48
[   24207ms] [WARNING] OTS parsing error: invalid sfntVersion: -2147368943 @ https://my.chartakfidani.uz/assets/index-Bg22PqDS.js:48
