[     331ms] [WARNING] Failed to decode downloaded font: https://my.chartakfidani.uz/assets/AnyConv.com__Inter_24pt-Medium-CM4ypss4.woff2 @ https://my.chartakfidani.uz/auth:0
[     331ms] [WARNING] OTS parsing error: invalid sfntVersion: -2147364591 @ https://my.chartakfidani.uz/auth:0
[     335ms] [WARNING] Failed to decode downloaded font: https://my.chartakfidani.uz/assets/AnyConv.com__Inter_24pt-Medium-CM4ypss4.woff2 @ https://my.chartakfidani.uz/auth:0
[     335ms] [WARNING] OTS parsing error: invalid sfntVersion: -2147364591 @ https://my.chartakfidani.uz/auth:0
[     359ms] [WARNING] Failed to decode downloaded font: https://my.chartakfidani.uz/assets/AnyConv.com__Inter_18pt-Medium-Bk3yID-z.woff2 @ https://my.chartakfidani.uz/auth:0
[     360ms] [WARNING] OTS parsing error: invalid sfntVersion: -2147364591 @ https://my.chartakfidani.uz/auth:0
[     360ms] [WARNING] Failed to decode downloaded font: https://my.chartakfidani.uz/assets/AnyConv.com__Inter_18pt-Medium-Bk3yID-z.woff2 @ https://my.chartakfidani.uz/auth:0
[     360ms] [WARNING] OTS parsing error: invalid sfntVersion: -2147364591 @ https://my.chartakfidani.uz/auth:0
[   34525ms] [WARNING] Failed to decode downloaded font: https://my.chartakfidani.uz/assets/AnyConv.com__Inter_18pt-Medium-Bk3yID-z.woff2 @ https://my.chartakfidani.uz/auth/login:0
[   34525ms] [WARNING] OTS parsing error: invalid sfntVersion: -2147364591 @ https://my.chartakfidani.uz/auth/login:0
[   34525ms] [WARNING] Failed to decode downloaded font: https://my.chartakfidani.uz/assets/AnyConv.com__Inter_24pt-Medium-CM4ypss4.woff2 @ https://my.chartakfidani.uz/auth/login:0
[   34526ms] [WARNING] OTS parsing error: invalid sfntVersion: -2147364591 @ https://my.chartakfidani.uz/auth/login:0
[   35215ms] [WARNING] Failed to decode downloaded font: https://my.chartakfidani.uz/assets/AnyConv.com__Inter_28pt-SemiBold-w-K2UZ4V.woff2 @ https://my.chartakfidani.uz/auth/login:0
[   35216ms] [WARNING] OTS parsing error: invalid sfntVersion: -2147362543 @ https://my.chartakfidani.uz/auth/login:0
[   35216ms] [WARNING] Failed to decode downloaded font: https://my.chartakfidani.uz/assets/AnyConv.com__Inter_28pt-SemiBold-w-K2UZ4V.woff2 @ https://my.chartakfidani.uz/auth/login:0
[   35216ms] [WARNING] OTS parsing error: invalid sfntVersion: -2147362543 @ https://my.chartakfidani.uz/auth/login:0
[   35393ms] [WARNING] Failed to decode downloaded font: https://my.chartakfidani.uz/assets/AnyConv.com__Inter_28pt-Regular-BU3aA4PV.woff2 @ https://my.chartakfidani.uz/auth/login:0
[   35394ms] [WARNING] OTS parsing error: invalid sfntVersion: -2147365871 @ https://my.chartakfidani.uz/auth/login:0
[   35394ms] [WARNING] Failed to decode downloaded font: https://my.chartakfidani.uz/assets/AnyConv.com__Inter_28pt-Regular-BU3aA4PV.woff2 @ https://my.chartakfidani.uz/auth/login:0
[   35394ms] [WARNING] OTS parsing error: invalid sfntVersion: -2147365871 @ https://my.chartakfidani.uz/auth/login:0
[   35394ms] [WARNING] Failed to decode downloaded font: https://my.chartakfidani.uz/assets/AnyConv.com__Inter_28pt-Bold-NB-XwkkK.woff2 @ https://my.chartakfidani.uz/auth/login:0
[   35394ms] [WARNING] OTS parsing error: invalid sfntVersion: -2147368943 @ https://my.chartakfidani.uz/auth/login:0
[   35394ms] [WARNING] Failed to decode downloaded font: https://my.chartakfidani.uz/assets/AnyConv.com__Inter_28pt-Bold-NB-XwkkK.woff2 @ https://my.chartakfidani.uz/auth/login:0
[   35395ms] [WARNING] OTS parsing error: invalid sfntVersion: -2147368943 @ https://my.chartakfidani.uz/auth/login:0
[   35637ms] [WARNING] Failed to decode downloaded font: https://my.chartakfidani.uz/assets/AnyConv.com__Inter_24pt-SemiBold-BaXMUcIS.woff2 @ https://my.chartakfidani.uz/auth/login:0
[   35637ms] [WARNING] OTS parsing error: invalid sfntVersion: -2147362543 @ https://my.chartakfidani.uz/auth/login:0
[   35638ms] [WARNING] Failed to decode downloaded font: https://my.chartakfidani.uz/assets/AnyConv.com__Inter_24pt-SemiBold-BaXMUcIS.woff2 @ https://my.chartakfidani.uz/auth/login:0
[   35638ms] [WARNING] OTS parsing error: invalid sfntVersion: -2147362543 @ https://my.chartakfidani.uz/auth/login:0
[   35643ms] [WARNING] Failed to decode downloaded font: https://my.chartakfidani.uz/assets/AnyConv.com__Inter_18pt-Regular-CADr05Lb.woff2 @ https://my.chartakfidani.uz/auth/login:0
[   35643ms] [WARNING] OTS parsing error: invalid sfntVersion: -2147365871 @ https://my.chartakfidani.uz/auth/login:0
[   35643ms] [WARNING] Failed to decode downloaded font: https://my.chartakfidani.uz/assets/AnyConv.com__Inter_18pt-Regular-CADr05Lb.woff2 @ https://my.chartakfidani.uz/auth/login:0
[   35643ms] [WARNING] OTS parsing error: invalid sfntVersion: -2147365871 @ https://my.chartakfidani.uz/auth/login:0
[   35943ms] [WARNING] Failed to decode downloaded font: https://my.chartakfidani.uz/assets/AnyConv.com__Inter_24pt-Bold-C8U-2Xis.woff2 @ https://my.chartakfidani.uz/auth/login:0
[   35943ms] [WARNING] OTS parsing error: invalid sfntVersion: -2147368943 @ https://my.chartakfidani.uz/auth/login:0
[   35943ms] [WARNING] Failed to decode downloaded font: https://my.chartakfidani.uz/assets/AnyConv.com__Inter_24pt-Bold-C8U-2Xis.woff2 @ https://my.chartakfidani.uz/auth/login:0
[   35944ms] [WARNING] OTS parsing error: invalid sfntVersion: -2147368943 @ https://my.chartakfidani.uz/auth/login:0
[   35960ms] [WARNING] Failed to decode downloaded font: https://my.chartakfidani.uz/assets/AnyConv.com__Inter_18pt-SemiBold-CkqJWBJL.woff2 @ https://my.chartakfidani.uz/auth/login:0
[   35961ms] [WARNING] OTS parsing error: invalid sfntVersion: -2147362543 @ https://my.chartakfidani.uz/auth/login:0
[   35961ms] [WARNING] Failed to decode downloaded font: https://my.chartakfidani.uz/assets/AnyConv.com__Inter_18pt-SemiBold-CkqJWBJL.woff2 @ https://my.chartakfidani.uz/auth/login:0
[   35961ms] [WARNING] OTS parsing error: invalid sfntVersion: -2147362543 @ https://my.chartakfidani.uz/auth/login:0
[   36958ms] [WARNING] Failed to decode downloaded font: https://my.chartakfidani.uz/assets/AnyConv.com__Inter_18pt-Bold-BbcyZnq7.woff2 @ https://my.chartakfidani.uz/auth/login:0
[   36958ms] [WARNING] OTS parsing error: invalid sfntVersion: -2147368943 @ https://my.chartakfidani.uz/auth/login:0
[   36958ms] [WARNING] Failed to decode downloaded font: https://my.chartakfidani.uz/assets/AnyConv.com__Inter_18pt-Bold-BbcyZnq7.woff2 @ https://my.chartakfidani.uz/auth/login:0
[   36959ms] [WARNING] OTS parsing error: invalid sfntVersion: -2147368943 @ https://my.chartakfidani.uz/auth/login:0
[   48465ms] [WARNING] Failed to decode downloaded font: https://my.chartakfidani.uz/assets/AnyConv.com__Inter_18pt-Regular-CADr05Lb.woff2 @ https://my.chartakfidani.uz/auth/login:0
[   48465ms] [WARNING] OTS parsing error: invalid sfntVersion: -2147365871 @ https://my.chartakfidani.uz/auth/login:0
[   48465ms] [WARNING] Failed to decode downloaded font: https://my.chartakfidani.uz/assets/AnyConv.com__Inter_18pt-Medium-Bk3yID-z.woff2 @ https://my.chartakfidani.uz/auth/login:0
[   48465ms] [WARNING] OTS parsing error: invalid sfntVersion: -2147364591 @ https://my.chartakfidani.uz/auth/login:0
[   48465ms] [WARNING] Failed to decode downloaded font: https://my.chartakfidani.uz/assets/AnyConv.com__Inter_18pt-SemiBold-CkqJWBJL.woff2 @ https://my.chartakfidani.uz/auth/login:0
[   48465ms] [WARNING] OTS parsing error: invalid sfntVersion: -2147362543 @ https://my.chartakfidani.uz/auth/login:0
[   48465ms] [WARNING] Failed to decode downloaded font: https://my.chartakfidani.uz/assets/AnyConv.com__Inter_18pt-Bold-BbcyZnq7.woff2 @ https://my.chartakfidani.uz/auth/login:0
[   48465ms] [WARNING] OTS parsing error: invalid sfntVersion: -2147368943 @ https://my.chartakfidani.uz/auth/login:0
[   48466ms] [WARNING] Failed to decode downloaded font: https://my.chartakfidani.uz/assets/AnyConv.com__Inter_24pt-Medium-CM4ypss4.woff2 @ https://my.chartakfidani.uz/auth/login:0
[   48466ms] [WARNING] OTS parsing error: invalid sfntVersion: -2147364591 @ https://my.chartakfidani.uz/auth/login:0
[   48466ms] [WARNING] Failed to decode downloaded font: https://my.chartakfidani.uz/assets/AnyConv.com__Inter_24pt-SemiBold-BaXMUcIS.woff2 @ https://my.chartakfidani.uz/auth/login:0
[   48466ms] [WARNING] OTS parsing error: invalid sfntVersion: -2147362543 @ https://my.chartakfidani.uz/auth/login:0
[   48466ms] [WARNING] Failed to decode downloaded font: https://my.chartakfidani.uz/assets/AnyConv.com__Inter_24pt-Bold-C8U-2Xis.woff2 @ https://my.chartakfidani.uz/auth/login:0
[   48466ms] [WARNING] OTS parsing error: invalid sfntVersion: -2147368943 @ https://my.chartakfidani.uz/auth/login:0
[   48466ms] [WARNING] Failed to decode downloaded font: https://my.chartakfidani.uz/assets/AnyConv.com__Inter_28pt-Regular-BU3aA4PV.woff2 @ https://my.chartakfidani.uz/auth/login:0
[   48466ms] [WARNING] OTS parsing error: invalid sfntVersion: -2147365871 @ https://my.chartakfidani.uz/auth/login:0
[   48466ms] [WARNING] Failed to decode downloaded font: https://my.chartakfidani.uz/assets/AnyConv.com__Inter_28pt-SemiBold-w-K2UZ4V.woff2 @ https://my.chartakfidani.uz/auth/login:0
[   48466ms] [WARNING] OTS parsing error: invalid sfntVersion: -2147362543 @ https://my.chartakfidani.uz/auth/login:0
[   48466ms] [WARNING] Failed to decode downloaded font: https://my.chartakfidani.uz/assets/AnyConv.com__Inter_28pt-Bold-NB-XwkkK.woff2 @ https://my.chartakfidani.uz/auth/login:0
[   48466ms] [WARNING] OTS parsing error: invalid sfntVersion: -2147368943 @ https://my.chartakfidani.uz/auth/login:0
[   48703ms] [WARNING] Failed to decode downloaded font: https://my.chartakfidani.uz/assets/AnyConv.com__Inter_18pt-Regular-CADr05Lb.woff2 @ https://my.chartakfidani.uz/auth/login:0
[   48703ms] [WARNING] OTS parsing error: invalid sfntVersion: -2147365871 @ https://my.chartakfidani.uz/auth/login:0
[   48703ms] [WARNING] Failed to decode downloaded font: https://my.chartakfidani.uz/assets/AnyConv.com__Inter_18pt-Medium-Bk3yID-z.woff2 @ https://my.chartakfidani.uz/auth/login:0
[   48703ms] [WARNING] OTS parsing error: invalid sfntVersion: -2147364591 @ https://my.chartakfidani.uz/auth/login:0
[   48703ms] [WARNING] Failed to decode downloaded font: https://my.chartakfidani.uz/assets/AnyConv.com__Inter_18pt-SemiBold-CkqJWBJL.woff2 @ https://my.chartakfidani.uz/auth/login:0
[   48703ms] [WARNING] OTS parsing error: invalid sfntVersion: -2147362543 @ https://my.chartakfidani.uz/auth/login:0
[   48703ms] [WARNING] Failed to decode downloaded font: https://my.chartakfidani.uz/assets/AnyConv.com__Inter_18pt-Bold-BbcyZnq7.woff2 @ https://my.chartakfidani.uz/auth/login:0
[   48703ms] [WARNING] OTS parsing error: invalid sfntVersion: -2147368943 @ https://my.chartakfidani.uz/auth/login:0
[   48705ms] [WARNING] Failed to decode downloaded font: https://my.chartakfidani.uz/assets/AnyConv.com__Inter_24pt-Medium-CM4ypss4.woff2 @ https://my.chartakfidani.uz/auth/login:0
[   48705ms] [WARNING] OTS parsing error: invalid sfntVersion: -2147364591 @ https://my.chartakfidani.uz/auth/login:0
[   48706ms] [WARNING] Failed to decode downloaded font: https://my.chartakfidani.uz/assets/AnyConv.com__Inter_24pt-SemiBold-BaXMUcIS.woff2 @ https://my.chartakfidani.uz/auth/login:0
[   48706ms] [WARNING] OTS parsing error: invalid sfntVersion: -2147362543 @ https://my.chartakfidani.uz/auth/login:0
[   48706ms] [WARNING] Failed to decode downloaded font: https://my.chartakfidani.uz/assets/AnyConv.com__Inter_24pt-Bold-C8U-2Xis.woff2 @ https://my.chartakfidani.uz/auth/login:0
[   48706ms] [WARNING] OTS parsing error: invalid sfntVersion: -2147368943 @ https://my.chartakfidani.uz/auth/login:0
[   48706ms] [WARNING] Failed to decode downloaded font: https://my.chartakfidani.uz/assets/AnyConv.com__Inter_28pt-Regular-BU3aA4PV.woff2 @ https://my.chartakfidani.uz/auth/login:0
[   48706ms] [WARNING] OTS parsing error: invalid sfntVersion: -2147365871 @ https://my.chartakfidani.uz/auth/login:0
[   48706ms] [WARNING] Failed to decode downloaded font: https://my.chartakfidani.uz/assets/AnyConv.com__Inter_28pt-SemiBold-w-K2UZ4V.woff2 @ https://my.chartakfidani.uz/auth/login:0
[   48706ms] [WARNING] OTS parsing error: invalid sfntVersion: -2147362543 @ https://my.chartakfidani.uz/auth/login:0
[   48706ms] [WARNING] Failed to decode downloaded font: https://my.chartakfidani.uz/assets/AnyConv.com__Inter_28pt-Bold-NB-XwkkK.woff2 @ https://my.chartakfidani.uz/auth/login:0
[   48706ms] [WARNING] OTS parsing error: invalid sfntVersion: -2147368943 @ https://my.chartakfidani.uz/auth/login:0
[   51496ms] [ERROR] Failed to load resource: the server responded with a status of 400 (Bad Request) @ https://api.admin.u-code.io/v2/invoke_function/my-fidani-authorization?project-id=0a81facb-ecae-47a2-91fb-13d814d93ebd:0
[   51531ms] [WARNING] Failed to decode downloaded font: https://my.chartakfidani.uz/assets/AnyConv.com__Inter_18pt-Regular-CADr05Lb.woff2 @ https://my.chartakfidani.uz/auth/login:0
[   51531ms] [WARNING] OTS parsing error: invalid sfntVersion: -2147365871 @ https://my.chartakfidani.uz/auth/login:0
[   51531ms] [WARNING] Failed to decode downloaded font: https://my.chartakfidani.uz/assets/AnyConv.com__Inter_18pt-Medium-Bk3yID-z.woff2 @ https://my.chartakfidani.uz/auth/login:0
[   51532ms] [WARNING] OTS parsing error: invalid sfntVersion: -2147364591 @ https://my.chartakfidani.uz/auth/login:0
[   51532ms] [WARNING] Failed to decode downloaded font: https://my.chartakfidani.uz/assets/AnyConv.com__Inter_18pt-SemiBold-CkqJWBJL.woff2 @ https://my.chartakfidani.uz/auth/login:0
[   51532ms] [WARNING] OTS parsing error: invalid sfntVersion: -2147362543 @ https://my.chartakfidani.uz/auth/login:0
[   51532ms] [WARNING] Failed to decode downloaded font: https://my.chartakfidani.uz/assets/AnyConv.com__Inter_18pt-Bold-BbcyZnq7.woff2 @ https://my.chartakfidani.uz/auth/login:0
[   51532ms] [WARNING] OTS parsing error: invalid sfntVersion: -2147368943 @ https://my.chartakfidani.uz/auth/login:0
[   51532ms] [WARNING] Failed to decode downloaded font: https://my.chartakfidani.uz/assets/AnyConv.com__Inter_24pt-Medium-CM4ypss4.woff2 @ https://my.chartakfidani.uz/auth/login:0
[   51532ms] [WARNING] OTS parsing error: invalid sfntVersion: -2147364591 @ https://my.chartakfidani.uz/auth/login:0
[   51532ms] [WARNING] Failed to decode downloaded font: https://my.chartakfidani.uz/assets/AnyConv.com__Inter_24pt-SemiBold-BaXMUcIS.woff2 @ https://my.chartakfidani.uz/auth/login:0
[   51532ms] [WARNING] OTS parsing error: invalid sfntVersion: -2147362543 @ https://my.chartakfidani.uz/auth/login:0
[   51532ms] [WARNING] Failed to decode downloaded font: https://my.chartakfidani.uz/assets/AnyConv.com__Inter_24pt-Bold-C8U-2Xis.woff2 @ https://my.chartakfidani.uz/auth/login:0
[   51532ms] [WARNING] OTS parsing error: invalid sfntVersion: -2147368943 @ https://my.chartakfidani.uz/auth/login:0
[   51532ms] [WARNING] Failed to decode downloaded font: https://my.chartakfidani.uz/assets/AnyConv.com__Inter_28pt-Regular-BU3aA4PV.woff2 @ https://my.chartakfidani.uz/auth/login:0
[   51532ms] [WARNING] OTS parsing error: invalid sfntVersion: -2147365871 @ https://my.chartakfidani.uz/auth/login:0
[   51533ms] [WARNING] Failed to decode downloaded font: https://my.chartakfidani.uz/assets/AnyConv.com__Inter_28pt-SemiBold-w-K2UZ4V.woff2 @ https://my.chartakfidani.uz/auth/login:0
[   51533ms] [WARNING] OTS parsing error: invalid sfntVersion: -2147362543 @ https://my.chartakfidani.uz/auth/login:0
[   51533ms] [WARNING] Failed to decode downloaded font: https://my.chartakfidani.uz/assets/AnyConv.com__Inter_28pt-Bold-NB-XwkkK.woff2 @ https://my.chartakfidani.uz/auth/login:0
[   51533ms] [WARNING] OTS parsing error: invalid sfntVersion: -2147368943 @ https://my.chartakfidani.uz/auth/login:0
[  441662ms] [WARNING] Failed to decode downloaded font: https://my.chartakfidani.uz/assets/AnyConv.com__Inter_28pt-SemiBold-w-K2UZ4V.woff2 @ https://my.chartakfidani.uz/auth/login:0
[  441663ms] [WARNING] OTS parsing error: invalid sfntVersion: -2147362543 @ https://my.chartakfidani.uz/auth/login:0
[  441665ms] [WARNING] Failed to decode downloaded font: https://my.chartakfidani.uz/assets/AnyConv.com__Inter_28pt-Bold-NB-XwkkK.woff2 @ https://my.chartakfidani.uz/auth/login:0
[  441665ms] [WARNING] OTS parsing error: invalid sfntVersion: -2147368943 @ https://my.chartakfidani.uz/auth/login:0
[  441666ms] [WARNING] Failed to decode downloaded font: https://my.chartakfidani.uz/assets/AnyConv.com__Inter_24pt-Medium-CM4ypss4.woff2 @ https://my.chartakfidani.uz/auth/login:0
[  441666ms] [WARNING] OTS parsing error: invalid sfntVersion: -2147364591 @ https://my.chartakfidani.uz/auth/login:0
[  441667ms] [WARNING] Failed to decode downloaded font: https://my.chartakfidani.uz/assets/AnyConv.com__Inter_28pt-Regular-BU3aA4PV.woff2 @ https://my.chartakfidani.uz/auth/login:0
[  441667ms] [WARNING] OTS parsing error: invalid sfntVersion: -2147365871 @ https://my.chartakfidani.uz/auth/login:0
[  441670ms] [WARNING] Failed to decode downloaded font: https://my.chartakfidani.uz/assets/AnyConv.com__Inter_24pt-Medium-CM4ypss4.woff2 @ https://my.chartakfidani.uz/auth/login:0
[  441670ms] [WARNING] OTS parsing error: invalid sfntVersion: -2147364591 @ https://my.chartakfidani.uz/auth/login:0
[  441670ms] [WARNING] Failed to decode downloaded font: https://my.chartakfidani.uz/assets/AnyConv.com__Inter_28pt-Regular-BU3aA4PV.woff2 @ https://my.chartakfidani.uz/auth/login:0
[  441670ms] [WARNING] OTS parsing error: invalid sfntVersion: -2147365871 @ https://my.chartakfidani.uz/auth/login:0
[  441670ms] [WARNING] Failed to decode downloaded font: https://my.chartakfidani.uz/assets/AnyConv.com__Inter_28pt-SemiBold-w-K2UZ4V.woff2 @ https://my.chartakfidani.uz/auth/login:0
[  441670ms] [WARNING] OTS parsing error: invalid sfntVersion: -2147362543 @ https://my.chartakfidani.uz/auth/login:0
[  441670ms] [WARNING] Failed to decode downloaded font: https://my.chartakfidani.uz/assets/AnyConv.com__Inter_28pt-Bold-NB-XwkkK.woff2 @ https://my.chartakfidani.uz/auth/login:0
[  441670ms] [WARNING] OTS parsing error: invalid sfntVersion: -2147368943 @ https://my.chartakfidani.uz/auth/login:0
[  441715ms] [WARNING] Failed to decode downloaded font: https://my.chartakfidani.uz/assets/AnyConv.com__Inter_24pt-SemiBold-BaXMUcIS.woff2 @ https://my.chartakfidani.uz/auth/login:0
[  441716ms] [WARNING] OTS parsing error: invalid sfntVersion: -2147362543 @ https://my.chartakfidani.uz/auth/login:0
[  441716ms] [WARNING] Failed to decode downloaded font: https://my.chartakfidani.uz/assets/AnyConv.com__Inter_24pt-SemiBold-BaXMUcIS.woff2 @ https://my.chartakfidani.uz/auth/login:0
[  441716ms] [WARNING] OTS parsing error: invalid sfntVersion: -2147362543 @ https://my.chartakfidani.uz/auth/login:0
[  441716ms] [WARNING] Failed to decode downloaded font: https://my.chartakfidani.uz/assets/AnyConv.com__Inter_18pt-Medium-Bk3yID-z.woff2 @ https://my.chartakfidani.uz/auth/login:0
[  441716ms] [WARNING] OTS parsing error: invalid sfntVersion: -2147364591 @ https://my.chartakfidani.uz/auth/login:0
[  441716ms] [WARNING] Failed to decode downloaded font: https://my.chartakfidani.uz/assets/AnyConv.com__Inter_18pt-Medium-Bk3yID-z.woff2 @ https://my.chartakfidani.uz/auth/login:0
[  441716ms] [WARNING] OTS parsing error: invalid sfntVersion: -2147364591 @ https://my.chartakfidani.uz/auth/login:0
[  441718ms] [WARNING] Failed to decode downloaded font: https://my.chartakfidani.uz/assets/AnyConv.com__Inter_18pt-Regular-CADr05Lb.woff2 @ https://my.chartakfidani.uz/auth/login:0
[  441718ms] [WARNING] OTS parsing error: invalid sfntVersion: -2147365871 @ https://my.chartakfidani.uz/auth/login:0
[  441718ms] [WARNING] Failed to decode downloaded font: https://my.chartakfidani.uz/assets/AnyConv.com__Inter_18pt-Regular-CADr05Lb.woff2 @ https://my.chartakfidani.uz/auth/login:0
[  441718ms] [WARNING] OTS parsing error: invalid sfntVersion: -2147365871 @ https://my.chartakfidani.uz/auth/login:0
[  441719ms] [WARNING] Failed to decode downloaded font: https://my.chartakfidani.uz/assets/AnyConv.com__Inter_24pt-Bold-C8U-2Xis.woff2 @ https://my.chartakfidani.uz/auth/login:0
[  441719ms] [WARNING] OTS parsing error: invalid sfntVersion: -2147368943 @ https://my.chartakfidani.uz/auth/login:0
[  441719ms] [WARNING] Failed to decode downloaded font: https://my.chartakfidani.uz/assets/AnyConv.com__Inter_24pt-Bold-C8U-2Xis.woff2 @ https://my.chartakfidani.uz/auth/login:0
[  441719ms] [WARNING] OTS parsing error: invalid sfntVersion: -2147368943 @ https://my.chartakfidani.uz/auth/login:0
[  441760ms] [WARNING] Failed to decode downloaded font: https://my.chartakfidani.uz/assets/AnyConv.com__Inter_18pt-SemiBold-CkqJWBJL.woff2 @ https://my.chartakfidani.uz/auth/login:0
[  441760ms] [WARNING] OTS parsing error: invalid sfntVersion: -2147362543 @ https://my.chartakfidani.uz/auth/login:0
[  441760ms] [WARNING] Failed to decode downloaded font: https://my.chartakfidani.uz/assets/AnyConv.com__Inter_18pt-SemiBold-CkqJWBJL.woff2 @ https://my.chartakfidani.uz/auth/login:0
[  441760ms] [WARNING] OTS parsing error: invalid sfntVersion: -2147362543 @ https://my.chartakfidani.uz/auth/login:0
[  441761ms] [WARNING] Failed to decode downloaded font: https://my.chartakfidani.uz/assets/AnyConv.com__Inter_18pt-Bold-BbcyZnq7.woff2 @ https://my.chartakfidani.uz/auth/login:0
[  441761ms] [WARNING] OTS parsing error: invalid sfntVersion: -2147368943 @ https://my.chartakfidani.uz/auth/login:0
[  441761ms] [WARNING] Failed to decode downloaded font: https://my.chartakfidani.uz/assets/AnyConv.com__Inter_18pt-Bold-BbcyZnq7.woff2 @ https://my.chartakfidani.uz/auth/login:0
[  441761ms] [WARNING] OTS parsing error: invalid sfntVersion: -2147368943 @ https://my.chartakfidani.uz/auth/login:0
[  441859ms] [WARNING] Failed to decode downloaded font: https://my.chartakfidani.uz/assets/AnyConv.com__Inter_18pt-Regular-CADr05Lb.woff2 @ https://my.chartakfidani.uz/auth/login:0
[  441859ms] [WARNING] OTS parsing error: invalid sfntVersion: -2147365871 @ https://my.chartakfidani.uz/auth/login:0
[  441859ms] [WARNING] Failed to decode downloaded font: https://my.chartakfidani.uz/assets/AnyConv.com__Inter_18pt-Medium-Bk3yID-z.woff2 @ https://my.chartakfidani.uz/auth/login:0
[  441859ms] [WARNING] OTS parsing error: invalid sfntVersion: -2147364591 @ https://my.chartakfidani.uz/auth/login:0
[  441859ms] [WARNING] Failed to decode downloaded font: https://my.chartakfidani.uz/assets/AnyConv.com__Inter_18pt-SemiBold-CkqJWBJL.woff2 @ https://my.chartakfidani.uz/auth/login:0
[  441859ms] [WARNING] OTS parsing error: invalid sfntVersion: -2147362543 @ https://my.chartakfidani.uz/auth/login:0
[  441859ms] [WARNING] Failed to decode downloaded font: https://my.chartakfidani.uz/assets/AnyConv.com__Inter_18pt-Bold-BbcyZnq7.woff2 @ https://my.chartakfidani.uz/auth/login:0
[  441859ms] [WARNING] OTS parsing error: invalid sfntVersion: -2147368943 @ https://my.chartakfidani.uz/auth/login:0
[  441859ms] [WARNING] Failed to decode downloaded font: https://my.chartakfidani.uz/assets/AnyConv.com__Inter_24pt-Medium-CM4ypss4.woff2 @ https://my.chartakfidani.uz/auth/login:0
[  441859ms] [WARNING] OTS parsing error: invalid sfntVersion: -2147364591 @ https://my.chartakfidani.uz/auth/login:0
[  441859ms] [WARNING] Failed to decode downloaded font: https://my.chartakfidani.uz/assets/AnyConv.com__Inter_24pt-SemiBold-BaXMUcIS.woff2 @ https://my.chartakfidani.uz/auth/login:0
[  441859ms] [WARNING] OTS parsing error: invalid sfntVersion: -2147362543 @ https://my.chartakfidani.uz/auth/login:0
[  441859ms] [WARNING] Failed to decode downloaded font: https://my.chartakfidani.uz/assets/AnyConv.com__Inter_24pt-Bold-C8U-2Xis.woff2 @ https://my.chartakfidani.uz/auth/login:0
[  441860ms] [WARNING] OTS parsing error: invalid sfntVersion: -2147368943 @ https://my.chartakfidani.uz/auth/login:0
[  441860ms] [WARNING] Failed to decode downloaded font: https://my.chartakfidani.uz/assets/AnyConv.com__Inter_28pt-Regular-BU3aA4PV.woff2 @ https://my.chartakfidani.uz/auth/login:0
[  441860ms] [WARNING] OTS parsing error: invalid sfntVersion: -2147365871 @ https://my.chartakfidani.uz/auth/login:0
[  441860ms] [WARNING] Failed to decode downloaded font: https://my.chartakfidani.uz/assets/AnyConv.com__Inter_28pt-SemiBold-w-K2UZ4V.woff2 @ https://my.chartakfidani.uz/auth/login:0
[  441860ms] [WARNING] OTS parsing error: invalid sfntVersion: -2147362543 @ https://my.chartakfidani.uz/auth/login:0
[  441860ms] [WARNING] Failed to decode downloaded font: https://my.chartakfidani.uz/assets/AnyConv.com__Inter_28pt-Bold-NB-XwkkK.woff2 @ https://my.chartakfidani.uz/auth/login:0
[  441860ms] [WARNING] OTS parsing error: invalid sfntVersion: -2147368943 @ https://my.chartakfidani.uz/auth/login:0
[  442119ms] [WARNING] Failed to decode downloaded font: https://my.chartakfidani.uz/assets/AnyConv.com__Inter_18pt-Regular-CADr05Lb.woff2 @ https://my.chartakfidani.uz/auth/login:0
[  442119ms] [WARNING] OTS parsing error: invalid sfntVersion: -2147365871 @ https://my.chartakfidani.uz/auth/login:0
[  442120ms] [WARNING] Failed to decode downloaded font: https://my.chartakfidani.uz/assets/AnyConv.com__Inter_18pt-Medium-Bk3yID-z.woff2 @ https://my.chartakfidani.uz/auth/login:0
[  442120ms] [WARNING] OTS parsing error: invalid sfntVersion: -2147364591 @ https://my.chartakfidani.uz/auth/login:0
[  442120ms] [WARNING] Failed to decode downloaded font: https://my.chartakfidani.uz/assets/AnyConv.com__Inter_18pt-SemiBold-CkqJWBJL.woff2 @ https://my.chartakfidani.uz/auth/login:0
[  442120ms] [WARNING] OTS parsing error: invalid sfntVersion: -2147362543 @ https://my.chartakfidani.uz/auth/login:0
[  442120ms] [WARNING] Failed to decode downloaded font: https://my.chartakfidani.uz/assets/AnyConv.com__Inter_18pt-Bold-BbcyZnq7.woff2 @ https://my.chartakfidani.uz/auth/login:0
[  442120ms] [WARNING] OTS parsing error: invalid sfntVersion: -2147368943 @ https://my.chartakfidani.uz/auth/login:0
[  442120ms] [WARNING] Failed to decode downloaded font: https://my.chartakfidani.uz/assets/AnyConv.com__Inter_24pt-Medium-CM4ypss4.woff2 @ https://my.chartakfidani.uz/auth/login:0
[  442120ms] [WARNING] OTS parsing error: invalid sfntVersion: -2147364591 @ https://my.chartakfidani.uz/auth/login:0
[  442120ms] [WARNING] Failed to decode downloaded font: https://my.chartakfidani.uz/assets/AnyConv.com__Inter_24pt-SemiBold-BaXMUcIS.woff2 @ https://my.chartakfidani.uz/auth/login:0
[  442120ms] [WARNING] OTS parsing error: invalid sfntVersion: -2147362543 @ https://my.chartakfidani.uz/auth/login:0
[  442121ms] [WARNING] Failed to decode downloaded font: https://my.chartakfidani.uz/assets/AnyConv.com__Inter_24pt-Bold-C8U-2Xis.woff2 @ https://my.chartakfidani.uz/auth/login:0
[  442121ms] [WARNING] OTS parsing error: invalid sfntVersion: -2147368943 @ https://my.chartakfidani.uz/auth/login:0
[  442121ms] [WARNING] Failed to decode downloaded font: https://my.chartakfidani.uz/assets/AnyConv.com__Inter_28pt-Regular-BU3aA4PV.woff2 @ https://my.chartakfidani.uz/auth/login:0
[  442121ms] [WARNING] OTS parsing error: invalid sfntVersion: -2147365871 @ https://my.chartakfidani.uz/auth/login:0
[  442121ms] [WARNING] Failed to decode downloaded font: https://my.chartakfidani.uz/assets/AnyConv.com__Inter_28pt-SemiBold-w-K2UZ4V.woff2 @ https://my.chartakfidani.uz/auth/login:0
[  442121ms] [WARNING] OTS parsing error: invalid sfntVersion: -2147362543 @ https://my.chartakfidani.uz/auth/login:0
[  442121ms] [WARNING] Failed to decode downloaded font: https://my.chartakfidani.uz/assets/AnyConv.com__Inter_28pt-Bold-NB-XwkkK.woff2 @ https://my.chartakfidani.uz/auth/login:0
[  442121ms] [WARNING] OTS parsing error: invalid sfntVersion: -2147368943 @ https://my.chartakfidani.uz/auth/login:0
[  456084ms] [WARNING] Failed to decode downloaded font: https://my.chartakfidani.uz/assets/AnyConv.com__Inter_28pt-SemiBold-w-K2UZ4V.woff2 @ https://my.chartakfidani.uz/auth/login:0
[  456085ms] [WARNING] OTS parsing error: invalid sfntVersion: -2147362543 @ https://my.chartakfidani.uz/auth/login:0
[  456085ms] [WARNING] Failed to decode downloaded font: https://my.chartakfidani.uz/assets/AnyConv.com__Inter_28pt-SemiBold-w-K2UZ4V.woff2 @ https://my.chartakfidani.uz/auth/login:0
[  456085ms] [WARNING] OTS parsing error: invalid sfntVersion: -2147362543 @ https://my.chartakfidani.uz/auth/login:0
[  456086ms] [WARNING] Failed to decode downloaded font: https://my.chartakfidani.uz/assets/AnyConv.com__Inter_28pt-Bold-NB-XwkkK.woff2 @ https://my.chartakfidani.uz/auth/login:0
[  456086ms] [WARNING] OTS parsing error: invalid sfntVersion: -2147368943 @ https://my.chartakfidani.uz/auth/login:0
[  456086ms] [WARNING] Failed to decode downloaded font: https://my.chartakfidani.uz/assets/AnyConv.com__Inter_28pt-Bold-NB-XwkkK.woff2 @ https://my.chartakfidani.uz/auth/login:0
[  456086ms] [WARNING] OTS parsing error: invalid sfntVersion: -2147368943 @ https://my.chartakfidani.uz/auth/login:0
[  456087ms] [WARNING] Failed to decode downloaded font: https://my.chartakfidani.uz/assets/AnyConv.com__Inter_24pt-Medium-CM4ypss4.woff2 @ https://my.chartakfidani.uz/auth/login:0
[  456087ms] [WARNING] OTS parsing error: invalid sfntVersion: -2147364591 @ https://my.chartakfidani.uz/auth/login:0
[  456087ms] [WARNING] Failed to decode downloaded font: https://my.chartakfidani.uz/assets/AnyConv.com__Inter_24pt-Medium-CM4ypss4.woff2 @ https://my.chartakfidani.uz/auth/login:0
[  456087ms] [WARNING] OTS parsing error: invalid sfntVersion: -2147364591 @ https://my.chartakfidani.uz/auth/login:0
[  456088ms] [WARNING] Failed to decode downloaded font: https://my.chartakfidani.uz/assets/AnyConv.com__Inter_28pt-Regular-BU3aA4PV.woff2 @ https://my.chartakfidani.uz/auth/login:0
[  456088ms] [WARNING] OTS parsing error: invalid sfntVersion: -2147365871 @ https://my.chartakfidani.uz/auth/login:0
[  456088ms] [WARNING] Failed to decode downloaded font: https://my.chartakfidani.uz/assets/AnyConv.com__Inter_28pt-Regular-BU3aA4PV.woff2 @ https://my.chartakfidani.uz/auth/login:0
[  456088ms] [WARNING] OTS parsing error: invalid sfntVersion: -2147365871 @ https://my.chartakfidani.uz/auth/login:0
[  456118ms] [WARNING] Failed to decode downloaded font: https://my.chartakfidani.uz/assets/AnyConv.com__Inter_24pt-SemiBold-BaXMUcIS.woff2 @ https://my.chartakfidani.uz/auth/login:0
[  456118ms] [WARNING] OTS parsing error: invalid sfntVersion: -2147362543 @ https://my.chartakfidani.uz/auth/login:0
[  456119ms] [WARNING] Failed to decode downloaded font: https://my.chartakfidani.uz/assets/AnyConv.com__Inter_24pt-SemiBold-BaXMUcIS.woff2 @ https://my.chartakfidani.uz/auth/login:0
[  456119ms] [WARNING] OTS parsing error: invalid sfntVersion: -2147362543 @ https://my.chartakfidani.uz/auth/login:0
[  456124ms] [WARNING] Failed to decode downloaded font: https://my.chartakfidani.uz/assets/AnyConv.com__Inter_18pt-Regular-CADr05Lb.woff2 @ https://my.chartakfidani.uz/auth/login:0
[  456125ms] [WARNING] OTS parsing error: invalid sfntVersion: -2147365871 @ https://my.chartakfidani.uz/auth/login:0
[  456125ms] [WARNING] Failed to decode downloaded font: https://my.chartakfidani.uz/assets/AnyConv.com__Inter_18pt-Regular-CADr05Lb.woff2 @ https://my.chartakfidani.uz/auth/login:0
[  456125ms] [WARNING] OTS parsing error: invalid sfntVersion: -2147365871 @ https://my.chartakfidani.uz/auth/login:0
[  456131ms] [WARNING] Failed to decode downloaded font: https://my.chartakfidani.uz/assets/AnyConv.com__Inter_18pt-Medium-Bk3yID-z.woff2 @ https://my.chartakfidani.uz/auth/login:0
[  456131ms] [WARNING] OTS parsing error: invalid sfntVersion: -2147364591 @ https://my.chartakfidani.uz/auth/login:0
[  456131ms] [WARNING] Failed to decode downloaded font: https://my.chartakfidani.uz/assets/AnyConv.com__Inter_18pt-Medium-Bk3yID-z.woff2 @ https://my.chartakfidani.uz/auth/login:0
[  456132ms] [WARNING] OTS parsing error: invalid sfntVersion: -2147364591 @ https://my.chartakfidani.uz/auth/login:0
[  456132ms] [WARNING] Failed to decode downloaded font: https://my.chartakfidani.uz/assets/AnyConv.com__Inter_24pt-Bold-C8U-2Xis.woff2 @ https://my.chartakfidani.uz/auth/login:0
[  456132ms] [WARNING] OTS parsing error: invalid sfntVersion: -2147368943 @ https://my.chartakfidani.uz/auth/login:0
[  456132ms] [WARNING] Failed to decode downloaded font: https://my.chartakfidani.uz/assets/AnyConv.com__Inter_24pt-Bold-C8U-2Xis.woff2 @ https://my.chartakfidani.uz/auth/login:0
[  456132ms] [WARNING] OTS parsing error: invalid sfntVersion: -2147368943 @ https://my.chartakfidani.uz/auth/login:0
[  456141ms] [WARNING] Failed to decode downloaded font: https://my.chartakfidani.uz/assets/AnyConv.com__Inter_18pt-SemiBold-CkqJWBJL.woff2 @ https://my.chartakfidani.uz/auth/login:0
[  456141ms] [WARNING] OTS parsing error: invalid sfntVersion: -2147362543 @ https://my.chartakfidani.uz/auth/login:0
[  456141ms] [WARNING] Failed to decode downloaded font: https://my.chartakfidani.uz/assets/AnyConv.com__Inter_18pt-SemiBold-CkqJWBJL.woff2 @ https://my.chartakfidani.uz/auth/login:0
[  456141ms] [WARNING] OTS parsing error: invalid sfntVersion: -2147362543 @ https://my.chartakfidani.uz/auth/login:0
[  456150ms] [WARNING] Failed to decode downloaded font: https://my.chartakfidani.uz/assets/AnyConv.com__Inter_18pt-Bold-BbcyZnq7.woff2 @ https://my.chartakfidani.uz/auth/login:0
[  456150ms] [WARNING] OTS parsing error: invalid sfntVersion: -2147368943 @ https://my.chartakfidani.uz/auth/login:0
[  456151ms] [WARNING] Failed to decode downloaded font: https://my.chartakfidani.uz/assets/AnyConv.com__Inter_18pt-Bold-BbcyZnq7.woff2 @ https://my.chartakfidani.uz/auth/login:0
[  456151ms] [WARNING] OTS parsing error: invalid sfntVersion: -2147368943 @ https://my.chartakfidani.uz/auth/login:0
[  456232ms] [WARNING] Failed to decode downloaded font: https://my.chartakfidani.uz/assets/AnyConv.com__Inter_18pt-Regular-CADr05Lb.woff2 @ https://my.chartakfidani.uz/auth/login:0
[  456232ms] [WARNING] OTS parsing error: invalid sfntVersion: -2147365871 @ https://my.chartakfidani.uz/auth/login:0
[  456232ms] [WARNING] Failed to decode downloaded font: https://my.chartakfidani.uz/assets/AnyConv.com__Inter_18pt-Medium-Bk3yID-z.woff2 @ https://my.chartakfidani.uz/auth/login:0
[  456232ms] [WARNING] OTS parsing error: invalid sfntVersion: -2147364591 @ https://my.chartakfidani.uz/auth/login:0
[  456232ms] [WARNING] Failed to decode downloaded font: https://my.chartakfidani.uz/assets/AnyConv.com__Inter_18pt-SemiBold-CkqJWBJL.woff2 @ https://my.chartakfidani.uz/auth/login:0
[  456232ms] [WARNING] OTS parsing error: invalid sfntVersion: -2147362543 @ https://my.chartakfidani.uz/auth/login:0
[  456232ms] [WARNING] Failed to decode downloaded font: https://my.chartakfidani.uz/assets/AnyConv.com__Inter_18pt-Bold-BbcyZnq7.woff2 @ https://my.chartakfidani.uz/auth/login:0
[  456232ms] [WARNING] OTS parsing error: invalid sfntVersion: -2147368943 @ https://my.chartakfidani.uz/auth/login:0
[  456232ms] [WARNING] Failed to decode downloaded font: https://my.chartakfidani.uz/assets/AnyConv.com__Inter_24pt-Medium-CM4ypss4.woff2 @ https://my.chartakfidani.uz/auth/login:0
[  456232ms] [WARNING] OTS parsing error: invalid sfntVersion: -2147364591 @ https://my.chartakfidani.uz/auth/login:0
[  456233ms] [WARNING] Failed to decode downloaded font: https://my.chartakfidani.uz/assets/AnyConv.com__Inter_24pt-SemiBold-BaXMUcIS.woff2 @ https://my.chartakfidani.uz/auth/login:0
[  456233ms] [WARNING] OTS parsing error: invalid sfntVersion: -2147362543 @ https://my.chartakfidani.uz/auth/login:0
[  456233ms] [WARNING] Failed to decode downloaded font: https://my.chartakfidani.uz/assets/AnyConv.com__Inter_24pt-Bold-C8U-2Xis.woff2 @ https://my.chartakfidani.uz/auth/login:0
[  456233ms] [WARNING] OTS parsing error: invalid sfntVersion: -2147368943 @ https://my.chartakfidani.uz/auth/login:0
[  456233ms] [WARNING] Failed to decode downloaded font: https://my.chartakfidani.uz/assets/AnyConv.com__Inter_28pt-Regular-BU3aA4PV.woff2 @ https://my.chartakfidani.uz/auth/login:0
[  456233ms] [WARNING] OTS parsing error: invalid sfntVersion: -2147365871 @ https://my.chartakfidani.uz/auth/login:0
[  456233ms] [WARNING] Failed to decode downloaded font: https://my.chartakfidani.uz/assets/AnyConv.com__Inter_28pt-SemiBold-w-K2UZ4V.woff2 @ https://my.chartakfidani.uz/auth/login:0
[  456233ms] [WARNING] OTS parsing error: invalid sfntVersion: -2147362543 @ https://my.chartakfidani.uz/auth/login:0
[  456233ms] [WARNING] Failed to decode downloaded font: https://my.chartakfidani.uz/assets/AnyConv.com__Inter_28pt-Bold-NB-XwkkK.woff2 @ https://my.chartakfidani.uz/auth/login:0
[  456233ms] [WARNING] OTS parsing error: invalid sfntVersion: -2147368943 @ https://my.chartakfidani.uz/auth/login:0
[  456399ms] [WARNING] Failed to decode downloaded font: https://my.chartakfidani.uz/assets/AnyConv.com__Inter_18pt-Regular-CADr05Lb.woff2 @ https://my.chartakfidani.uz/auth/login:0
[  456400ms] [WARNING] OTS parsing error: invalid sfntVersion: -2147365871 @ https://my.chartakfidani.uz/auth/login:0
[  456400ms] [WARNING] Failed to decode downloaded font: https://my.chartakfidani.uz/assets/AnyConv.com__Inter_18pt-Medium-Bk3yID-z.woff2 @ https://my.chartakfidani.uz/auth/login:0
[  456400ms] [WARNING] OTS parsing error: invalid sfntVersion: -2147364591 @ https://my.chartakfidani.uz/auth/login:0
[  456400ms] [WARNING] Failed to decode downloaded font: https://my.chartakfidani.uz/assets/AnyConv.com__Inter_18pt-SemiBold-CkqJWBJL.woff2 @ https://my.chartakfidani.uz/auth/login:0
[  456400ms] [WARNING] OTS parsing error: invalid sfntVersion: -2147362543 @ https://my.chartakfidani.uz/auth/login:0
[  456400ms] [WARNING] Failed to decode downloaded font: https://my.chartakfidani.uz/assets/AnyConv.com__Inter_18pt-Bold-BbcyZnq7.woff2 @ https://my.chartakfidani.uz/auth/login:0
[  456400ms] [WARNING] OTS parsing error: invalid sfntVersion: -2147368943 @ https://my.chartakfidani.uz/auth/login:0
[  456401ms] [WARNING] Failed to decode downloaded font: https://my.chartakfidani.uz/assets/AnyConv.com__Inter_24pt-Medium-CM4ypss4.woff2 @ https://my.chartakfidani.uz/auth/login:0
[  456401ms] [WARNING] OTS parsing error: invalid sfntVersion: -2147364591 @ https://my.chartakfidani.uz/auth/login:0
[  456401ms] [WARNING] Failed to decode downloaded font: https://my.chartakfidani.uz/assets/AnyConv.com__Inter_24pt-SemiBold-BaXMUcIS.woff2 @ https://my.chartakfidani.uz/auth/login:0
[  456401ms] [WARNING] OTS parsing error: invalid sfntVersion: -2147362543 @ https://my.chartakfidani.uz/auth/login:0
[  456401ms] [WARNING] Failed to decode downloaded font: https://my.chartakfidani.uz/assets/AnyConv.com__Inter_24pt-Bold-C8U-2Xis.woff2 @ https://my.chartakfidani.uz/auth/login:0
[  456401ms] [WARNING] OTS parsing error: invalid sfntVersion: -2147368943 @ https://my.chartakfidani.uz/auth/login:0
[  456401ms] [WARNING] Failed to decode downloaded font: https://my.chartakfidani.uz/assets/AnyConv.com__Inter_28pt-Regular-BU3aA4PV.woff2 @ https://my.chartakfidani.uz/auth/login:0
[  456401ms] [WARNING] OTS parsing error: invalid sfntVersion: -2147365871 @ https://my.chartakfidani.uz/auth/login:0
[  456401ms] [WARNING] Failed to decode downloaded font: https://my.chartakfidani.uz/assets/AnyConv.com__Inter_28pt-SemiBold-w-K2UZ4V.woff2 @ https://my.chartakfidani.uz/auth/login:0
[  456401ms] [WARNING] OTS parsing error: invalid sfntVersion: -2147362543 @ https://my.chartakfidani.uz/auth/login:0
[  456401ms] [WARNING] Failed to decode downloaded font: https://my.chartakfidani.uz/assets/AnyConv.com__Inter_28pt-Bold-NB-XwkkK.woff2 @ https://my.chartakfidani.uz/auth/login:0
[  456401ms] [WARNING] OTS parsing error: invalid sfntVersion: -2147368943 @ https://my.chartakfidani.uz/auth/login:0
[  457471ms] [ERROR] Failed to load resource: the server responded with a status of 400 (Bad Request) @ https://api.admin.u-code.io/v2/invoke_function/my-fidani-authorization?project-id=0a81facb-ecae-47a2-91fb-13d814d93ebd:0
[  457493ms] [WARNING] Failed to decode downloaded font: https://my.chartakfidani.uz/assets/AnyConv.com__Inter_18pt-Regular-CADr05Lb.woff2 @ https://my.chartakfidani.uz/auth/login:0
[  457493ms] [WARNING] OTS parsing error: invalid sfntVersion: -2147365871 @ https://my.chartakfidani.uz/auth/login:0
[  457494ms] [WARNING] Failed to decode downloaded font: https://my.chartakfidani.uz/assets/AnyConv.com__Inter_18pt-Medium-Bk3yID-z.woff2 @ https://my.chartakfidani.uz/auth/login:0
[  457494ms] [WARNING] OTS parsing error: invalid sfntVersion: -2147364591 @ https://my.chartakfidani.uz/auth/login:0
[  457494ms] [WARNING] Failed to decode downloaded font: https://my.chartakfidani.uz/assets/AnyConv.com__Inter_18pt-SemiBold-CkqJWBJL.woff2 @ https://my.chartakfidani.uz/auth/login:0
[  457494ms] [WARNING] OTS parsing error: invalid sfntVersion: -2147362543 @ https://my.chartakfidani.uz/auth/login:0
[  457494ms] [WARNING] Failed to decode downloaded font: https://my.chartakfidani.uz/assets/AnyConv.com__Inter_18pt-Bold-BbcyZnq7.woff2 @ https://my.chartakfidani.uz/auth/login:0
[  457494ms] [WARNING] OTS parsing error: invalid sfntVersion: -2147368943 @ https://my.chartakfidani.uz/auth/login:0
[  457494ms] [WARNING] Failed to decode downloaded font: https://my.chartakfidani.uz/assets/AnyConv.com__Inter_24pt-Medium-CM4ypss4.woff2 @ https://my.chartakfidani.uz/auth/login:0
[  457495ms] [WARNING] OTS parsing error: invalid sfntVersion: -2147364591 @ https://my.chartakfidani.uz/auth/login:0
[  457495ms] [WARNING] Failed to decode downloaded font: https://my.chartakfidani.uz/assets/AnyConv.com__Inter_24pt-SemiBold-BaXMUcIS.woff2 @ https://my.chartakfidani.uz/auth/login:0
[  457495ms] [WARNING] OTS parsing error: invalid sfntVersion: -2147362543 @ https://my.chartakfidani.uz/auth/login:0
[  457495ms] [WARNING] Failed to decode downloaded font: https://my.chartakfidani.uz/assets/AnyConv.com__Inter_24pt-Bold-C8U-2Xis.woff2 @ https://my.chartakfidani.uz/auth/login:0
[  457495ms] [WARNING] OTS parsing error: invalid sfntVersion: -2147368943 @ https://my.chartakfidani.uz/auth/login:0
[  457495ms] [WARNING] Failed to decode downloaded font: https://my.chartakfidani.uz/assets/AnyConv.com__Inter_28pt-Regular-BU3aA4PV.woff2 @ https://my.chartakfidani.uz/auth/login:0
[  457495ms] [WARNING] OTS parsing error: invalid sfntVersion: -2147365871 @ https://my.chartakfidani.uz/auth/login:0
[  457495ms] [WARNING] Failed to decode downloaded font: https://my.chartakfidani.uz/assets/AnyConv.com__Inter_28pt-SemiBold-w-K2UZ4V.woff2 @ https://my.chartakfidani.uz/auth/login:0
[  457495ms] [WARNING] OTS parsing error: invalid sfntVersion: -2147362543 @ https://my.chartakfidani.uz/auth/login:0
[  457495ms] [WARNING] Failed to decode downloaded font: https://my.chartakfidani.uz/assets/AnyConv.com__Inter_28pt-Bold-NB-XwkkK.woff2 @ https://my.chartakfidani.uz/auth/login:0
[  457495ms] [WARNING] OTS parsing error: invalid sfntVersion: -2147368943 @ https://my.chartakfidani.uz/auth/login:0
